thread 'main' panicked at core/src/panicking.rs:223:5:
unsafe precondition(s) violated: `ascii::Char::digit_unchecked` input cannot exceed 9.
note: run with `RUST_BACKTRACE=1` environment variable to display a backtrace
thread caused non-unwinding panic. aborting.
