thread 'main' panicked at core/src/panicking.rs:223:5:
unsafe precondition(s) violated: hint::assert_unchecked must never be called when the condition is false
note: run with `RUST_BACKTRACE=1` environment variable to display a backtrace
thread caused non-unwinding panic. aborting.
