thread 'main' panicked at core/src/panicking.rs:223:5:
unsafe precondition(s) violated: invalid value for `char`
note: run with `RUST_BACKTRACE=1` environment variable to display a backtrace
thread caused non-unwinding panic. aborting.
