thread 'main' panicked at core/src/panicking.rs:223:5:
unsafe precondition(s) violated: NonZero::from_mut_unchecked requires the argument to dereference as non-zero
note: run with `RUST_BACKTRACE=1` environment variable to display a backtrace
thread caused non-unwinding panic. aborting.
