thread 'main' panicked at core/src/panicking.rs:223:5:
unsafe precondition(s) violated: slice::from_raw_parts_mut requires the pointer to be aligned and non-null, and the total size of the slice not to exceed `isize::MAX`
note: run with `RUST_BACKTRACE=1` environment variable to display a backtrace
thread caused non-unwinding panic. aborting.
