error[E0432]: unresolved import `unresolved`
  --> $DIR/issue-1697.rs:3:5
   |
LL | use unresolved::*;
   |     ^^^^^^^^^^ use of unresolved module or unlinked crate `unresolved`
   |
help: if you wanted to use a crate named `unresolved`, use `cargo add unresolved` to add it to your `Cargo.toml` and import it in your code
   |
LL + extern crate unresolved;
   |

error: aborting due to 1 previous error

For more information about this error, try `rustc --explain E0432`.
