error[E0432]: unresolved import `NonExistent`
  --> $DIR/issue-55457.rs:1:5
   |
LL | use NonExistent;
   |     ^^^^^^^^^^^
   |     |
   |     no `NonExistent` in the root
   |     help: a similar name exists in the module: `non_existent`

error[E0432]: unresolved import `non_existent`
  --> $DIR/issue-55457.rs:2:5
   |
LL | use non_existent::non_existent;
   |     ^^^^^^^^^^^^ use of unresolved module or unlinked crate `non_existent`
   |
help: if you wanted to use a crate named `non_existent`, use `cargo add non_existent` to add it to your `Cargo.toml` and import it in your code
   |
LL + extern crate non_existent;
   |

error: aborting due to 2 previous errors

For more information about this error, try `rustc --explain E0432`.
