warning: unused `extern crate`
  --> $DIR/removing-extern-crate.rs:9:1
   |
LL | extern crate removing_extern_crate as foo;
   | ^^^^^^^^^^^^^^^^^^^^^^^^^^^^^^^^^^^^^^^^^^ unused
   |
note: the lint level is defined here
  --> $DIR/removing-extern-crate.rs:6:9
   |
LL | #![warn(rust_2018_idioms)]
   |         ^^^^^^^^^^^^^^^^
   = note: `#[warn(unused_extern_crates)]` implied by `#[warn(rust_2018_idioms)]`
help: remove the unused `extern crate`
   |
LL - #[cfg_attr(test, macro_use)]
LL - extern crate removing_extern_crate as foo;
LL +
   |

warning: unused `extern crate`
  --> $DIR/removing-extern-crate.rs:10:1
   |
LL | extern crate core;
   | ^^^^^^^^^^^^^^^^^^ unused
   |
help: remove the unused `extern crate`
   |
LL - extern crate core;
LL +
   |

warning: unused `extern crate`
  --> $DIR/removing-extern-crate.rs:14:5
   |
LL |     extern crate removing_extern_crate as foo;
   |     ^^^^^^^^^^^^^^^^^^^^^^^^^^^^^^^^^^^^^^^^^^ unused
   |
help: remove the unused `extern crate`
   |
LL -     #[cfg_attr(test, macro_use)]
LL -     extern crate removing_extern_crate as foo;
LL +
   |

warning: unused `extern crate`
  --> $DIR/removing-extern-crate.rs:15:5
   |
LL |     extern crate core;
   |     ^^^^^^^^^^^^^^^^^^ unused
   |
help: remove the unused `extern crate`
   |
LL -     extern crate core;
LL +
   |

warning: 4 warnings emitted

