thread 'main' panicked at $DIR/bounds-check-no-overflow.rs:9:5:
index out of bounds: the len is 3 but the index is 2305843009213693952
note: run with `RUST_BACKTRACE=1` environment variable to display a backtrace
