warning: reserved token in Rust 2024
  --> $DIR/reserved-guarded-strings-migration.rs:40:12
   |
LL |     demo4!(### "foo");
   |            ^^^
   |
   = warning: this is accepted in the current edition (Rust 2021) but is a hard error in Rust 2024!
   = note: for more information, see issue #123735 <https://github.com/rust-lang/rust/issues/123735>
note: the lint level is defined here
  --> $DIR/reserved-guarded-strings-migration.rs:5:9
   |
LL | #![warn(rust_2024_guarded_string_incompatible_syntax)]
   |         ^^^^^^^^^^^^^^^^^^^^^^^^^^^^^^^^^^^^^^^^^^^^
help: insert whitespace here to avoid this being parsed as a forbidden token in Rust 2024
   |
LL |     demo4!(# ## "foo");
   |             +

warning: reserved token in Rust 2024
  --> $DIR/reserved-guarded-strings-migration.rs:43:12
   |
LL |     demo5!(#### "foo");
   |            ^^^
   |
   = warning: this is accepted in the current edition (Rust 2021) but is a hard error in Rust 2024!
   = note: for more information, see issue #123735 <https://github.com/rust-lang/rust/issues/123735>
help: insert whitespace here to avoid this being parsed as a forbidden token in Rust 2024
   |
LL |     demo5!(# ### "foo");
   |             +

warning: reserved token in Rust 2024
  --> $DIR/reserved-guarded-strings-migration.rs:43:13
   |
LL |     demo5!(#### "foo");
   |             ^^^
   |
   = warning: this is accepted in the current edition (Rust 2021) but is a hard error in Rust 2024!
   = note: for more information, see issue #123735 <https://github.com/rust-lang/rust/issues/123735>
help: insert whitespace here to avoid this being parsed as a forbidden token in Rust 2024
   |
LL |     demo5!(## ## "foo");
   |              +

warning: reserved token in Rust 2024
  --> $DIR/reserved-guarded-strings-migration.rs:48:12
   |
LL |     demo5!(### "foo"#);
   |            ^^^
   |
   = warning: this is accepted in the current edition (Rust 2021) but is a hard error in Rust 2024!
   = note: for more information, see issue #123735 <https://github.com/rust-lang/rust/issues/123735>
help: insert whitespace here to avoid this being parsed as a forbidden token in Rust 2024
   |
LL |     demo5!(# ## "foo"#);
   |             +

warning: reserved token in Rust 2024
  --> $DIR/reserved-guarded-strings-migration.rs:51:12
   |
LL |     demo6!(### "foo"##);
   |            ^^^
   |
   = warning: this is accepted in the current edition (Rust 2021) but is a hard error in Rust 2024!
   = note: for more information, see issue #123735 <https://github.com/rust-lang/rust/issues/123735>
help: insert whitespace here to avoid this being parsed as a forbidden token in Rust 2024
   |
LL |     demo6!(# ## "foo"##);
   |             +

warning: reserved token in Rust 2024
  --> $DIR/reserved-guarded-strings-migration.rs:54:12
   |
LL |     demo8!(#### "foo"###);
   |            ^^^
   |
   = warning: this is accepted in the current edition (Rust 2021) but is a hard error in Rust 2024!
   = note: for more information, see issue #123735 <https://github.com/rust-lang/rust/issues/123735>
help: insert whitespace here to avoid this being parsed as a forbidden token in Rust 2024
   |
LL |     demo8!(# ### "foo"###);
   |             +

warning: reserved token in Rust 2024
  --> $DIR/reserved-guarded-strings-migration.rs:54:13
   |
LL |     demo8!(#### "foo"###);
   |             ^^^
   |
   = warning: this is accepted in the current edition (Rust 2021) but is a hard error in Rust 2024!
   = note: for more information, see issue #123735 <https://github.com/rust-lang/rust/issues/123735>
help: insert whitespace here to avoid this being parsed as a forbidden token in Rust 2024
   |
LL |     demo8!(## ## "foo"###);
   |              +

warning: reserved token in Rust 2024
  --> $DIR/reserved-guarded-strings-migration.rs:54:22
   |
LL |     demo8!(#### "foo"###);
   |                      ^^^
   |
   = warning: this is accepted in the current edition (Rust 2021) but is a hard error in Rust 2024!
   = note: for more information, see issue #123735 <https://github.com/rust-lang/rust/issues/123735>
help: insert whitespace here to avoid this being parsed as a forbidden token in Rust 2024
   |
LL |     demo8!(#### "foo"# ##);
   |                       +

warning: reserved token in Rust 2024
  --> $DIR/reserved-guarded-strings-migration.rs:62:17
   |
LL |     demo4!("foo"###);
   |                 ^^^
   |
   = warning: this is accepted in the current edition (Rust 2021) but is a hard error in Rust 2024!
   = note: for more information, see issue #123735 <https://github.com/rust-lang/rust/issues/123735>
help: insert whitespace here to avoid this being parsed as a forbidden token in Rust 2024
   |
LL |     demo4!("foo"# ##);
   |                  +

warning: reserved token in Rust 2024
  --> $DIR/reserved-guarded-strings-migration.rs:65:17
   |
LL |     demo5!("foo"####);
   |                 ^^^
   |
   = warning: this is accepted in the current edition (Rust 2021) but is a hard error in Rust 2024!
   = note: for more information, see issue #123735 <https://github.com/rust-lang/rust/issues/123735>
help: insert whitespace here to avoid this being parsed as a forbidden token in Rust 2024
   |
LL |     demo5!("foo"# ###);
   |                  +

warning: reserved token in Rust 2024
  --> $DIR/reserved-guarded-strings-migration.rs:65:18
   |
LL |     demo5!("foo"####);
   |                  ^^^
   |
   = warning: this is accepted in the current edition (Rust 2021) but is a hard error in Rust 2024!
   = note: for more information, see issue #123735 <https://github.com/rust-lang/rust/issues/123735>
help: insert whitespace here to avoid this being parsed as a forbidden token in Rust 2024
   |
LL |     demo5!("foo"## ##);
   |                   +

warning: will be parsed as a guarded string in Rust 2024
  --> $DIR/reserved-guarded-strings-migration.rs:71:12
   |
LL |     demo2!(#"");
   |            ^^^
   |
   = warning: this is accepted in the current edition (Rust 2021) but is a hard error in Rust 2024!
   = note: for more information, see issue #123735 <https://github.com/rust-lang/rust/issues/123735>
help: insert whitespace here to avoid this being parsed as a guarded string in Rust 2024
   |
LL |     demo2!(# "");
   |             +

warning: will be parsed as a guarded string in Rust 2024
  --> $DIR/reserved-guarded-strings-migration.rs:74:12
   |
LL |     demo3!(#""#);
   |            ^^^^
   |
   = warning: this is accepted in the current edition (Rust 2021) but is a hard error in Rust 2024!
   = note: for more information, see issue #123735 <https://github.com/rust-lang/rust/issues/123735>
help: insert whitespace here to avoid this being parsed as a guarded string in Rust 2024
   |
LL |     demo3!(# ""#);
   |             +

warning: will be parsed as a guarded string in Rust 2024
  --> $DIR/reserved-guarded-strings-migration.rs:77:12
   |
LL |     demo3!(##"");
   |            ^^^^
   |
   = warning: this is accepted in the current edition (Rust 2021) but is a hard error in Rust 2024!
   = note: for more information, see issue #123735 <https://github.com/rust-lang/rust/issues/123735>
help: insert whitespace here to avoid this being parsed as a guarded string in Rust 2024
   |
LL |     demo3!(# #"");
   |             +

warning: will be parsed as a guarded string in Rust 2024
  --> $DIR/reserved-guarded-strings-migration.rs:77:13
   |
LL |     demo3!(##"");
   |             ^^^
   |
   = warning: this is accepted in the current edition (Rust 2021) but is a hard error in Rust 2024!
   = note: for more information, see issue #123735 <https://github.com/rust-lang/rust/issues/123735>
help: insert whitespace here to avoid this being parsed as a guarded string in Rust 2024
   |
LL |     demo3!(## "");
   |              +

warning: will be parsed as a guarded string in Rust 2024
  --> $DIR/reserved-guarded-strings-migration.rs:82:12
   |
LL |     demo2!(#"foo");
   |            ^^^^^^
   |
   = warning: this is accepted in the current edition (Rust 2021) but is a hard error in Rust 2024!
   = note: for more information, see issue #123735 <https://github.com/rust-lang/rust/issues/123735>
help: insert whitespace here to avoid this being parsed as a guarded string in Rust 2024
   |
LL |     demo2!(# "foo");
   |             +

warning: will be parsed as a guarded string in Rust 2024
  --> $DIR/reserved-guarded-strings-migration.rs:85:12
   |
LL |     demo3!(##"foo");
   |            ^^^^^^^
   |
   = warning: this is accepted in the current edition (Rust 2021) but is a hard error in Rust 2024!
   = note: for more information, see issue #123735 <https://github.com/rust-lang/rust/issues/123735>
help: insert whitespace here to avoid this being parsed as a guarded string in Rust 2024
   |
LL |     demo3!(# #"foo");
   |             +

warning: will be parsed as a guarded string in Rust 2024
  --> $DIR/reserved-guarded-strings-migration.rs:85:13
   |
LL |     demo3!(##"foo");
   |             ^^^^^^
   |
   = warning: this is accepted in the current edition (Rust 2021) but is a hard error in Rust 2024!
   = note: for more information, see issue #123735 <https://github.com/rust-lang/rust/issues/123735>
help: insert whitespace here to avoid this being parsed as a guarded string in Rust 2024
   |
LL |     demo3!(## "foo");
   |              +

warning: will be parsed as a guarded string in Rust 2024
  --> $DIR/reserved-guarded-strings-migration.rs:90:12
   |
LL |     demo3!(#"foo"#);
   |            ^^^^^^^
   |
   = warning: this is accepted in the current edition (Rust 2021) but is a hard error in Rust 2024!
   = note: for more information, see issue #123735 <https://github.com/rust-lang/rust/issues/123735>
help: insert whitespace here to avoid this being parsed as a guarded string in Rust 2024
   |
LL |     demo3!(# "foo"#);
   |             +

warning: will be parsed as a guarded string in Rust 2024
  --> $DIR/reserved-guarded-strings-migration.rs:93:12
   |
LL |     demo4!(##"foo"#);
   |            ^^^^^^^^
   |
   = warning: this is accepted in the current edition (Rust 2021) but is a hard error in Rust 2024!
   = note: for more information, see issue #123735 <https://github.com/rust-lang/rust/issues/123735>
help: insert whitespace here to avoid this being parsed as a guarded string in Rust 2024
   |
LL |     demo4!(# #"foo"#);
   |             +

warning: will be parsed as a guarded string in Rust 2024
  --> $DIR/reserved-guarded-strings-migration.rs:93:13
   |
LL |     demo4!(##"foo"#);
   |             ^^^^^^^
   |
   = warning: this is accepted in the current edition (Rust 2021) but is a hard error in Rust 2024!
   = note: for more information, see issue #123735 <https://github.com/rust-lang/rust/issues/123735>
help: insert whitespace here to avoid this being parsed as a guarded string in Rust 2024
   |
LL |     demo4!(## "foo"#);
   |              +

warning: will be parsed as a guarded string in Rust 2024
  --> $DIR/reserved-guarded-strings-migration.rs:98:12
   |
LL |     demo5!(##"foo"##);
   |            ^^^^^^^^^
   |
   = warning: this is accepted in the current edition (Rust 2021) but is a hard error in Rust 2024!
   = note: for more information, see issue #123735 <https://github.com/rust-lang/rust/issues/123735>
help: insert whitespace here to avoid this being parsed as a guarded string in Rust 2024
   |
LL |     demo5!(# #"foo"##);
   |             +

warning: will be parsed as a guarded string in Rust 2024
  --> $DIR/reserved-guarded-strings-migration.rs:98:13
   |
LL |     demo5!(##"foo"##);
   |             ^^^^^^^
   |
   = warning: this is accepted in the current edition (Rust 2021) but is a hard error in Rust 2024!
   = note: for more information, see issue #123735 <https://github.com/rust-lang/rust/issues/123735>
help: insert whitespace here to avoid this being parsed as a guarded string in Rust 2024
   |
LL |     demo5!(## "foo"##);
   |              +

warning: will be parsed as a guarded string in Rust 2024
  --> $DIR/reserved-guarded-strings-migration.rs:103:12
   |
LL |     demo6!(##"foo"###);
   |            ^^^^^^^^^
   |
   = warning: this is accepted in the current edition (Rust 2021) but is a hard error in Rust 2024!
   = note: for more information, see issue #123735 <https://github.com/rust-lang/rust/issues/123735>
help: insert whitespace here to avoid this being parsed as a guarded string in Rust 2024
   |
LL |     demo6!(# #"foo"###);
   |             +

warning: will be parsed as a guarded string in Rust 2024
  --> $DIR/reserved-guarded-strings-migration.rs:103:13
   |
LL |     demo6!(##"foo"###);
   |             ^^^^^^^
   |
   = warning: this is accepted in the current edition (Rust 2021) but is a hard error in Rust 2024!
   = note: for more information, see issue #123735 <https://github.com/rust-lang/rust/issues/123735>
help: insert whitespace here to avoid this being parsed as a guarded string in Rust 2024
   |
LL |     demo6!(## "foo"###);
   |              +

warning: reserved token in Rust 2024
  --> $DIR/reserved-guarded-strings-migration.rs:103:19
   |
LL |     demo6!(##"foo"###);
   |                   ^^^
   |
   = warning: this is accepted in the current edition (Rust 2021) but is a hard error in Rust 2024!
   = note: for more information, see issue #123735 <https://github.com/rust-lang/rust/issues/123735>
help: insert whitespace here to avoid this being parsed as a forbidden token in Rust 2024
   |
LL |     demo6!(##"foo"# ##);
   |                    +

warning: 26 warnings emitted

